this file has words spelled wrogn